Archive member included because of file (symbol)

/opt/Freescale/KDS_v3/toolchain/bin/../lib/gcc/arm-none-eabi/4.8.4/armv6-m/libgcc.a(_udivsi3.o)
                              ./Project_Settings/Startup_Code/system_MKL25Z4.o (__aeabi_uidiv)
/opt/Freescale/KDS_v3/toolchain/bin/../lib/gcc/arm-none-eabi/4.8.4/armv6-m/libgcc.a(_dvmd_tls.o)
                              /opt/Freescale/KDS_v3/toolchain/bin/../lib/gcc/arm-none-eabi/4.8.4/armv6-m/libgcc.a(_udivsi3.o) (__aeabi_idiv0)
/opt/Freescale/KDS_v3/toolchain/bin/../lib/gcc/arm-none-eabi/4.8.4/../../../../arm-none-eabi/lib/armv6-m/libg_s.a(lib_a-exit.o)
                              /opt/Freescale/KDS_v3/toolchain/bin/../lib/gcc/arm-none-eabi/4.8.4/../../../../arm-none-eabi/lib/armv6-m/crt0.o (exit)
/opt/Freescale/KDS_v3/toolchain/bin/../lib/gcc/arm-none-eabi/4.8.4/../../../../arm-none-eabi/lib/armv6-m/libg_s.a(lib_a-impure.o)
                              /opt/Freescale/KDS_v3/toolchain/bin/../lib/gcc/arm-none-eabi/4.8.4/../../../../arm-none-eabi/lib/armv6-m/libg_s.a(lib_a-exit.o) (_global_impure_ptr)
/opt/Freescale/KDS_v3/toolchain/bin/../lib/gcc/arm-none-eabi/4.8.4/../../../../arm-none-eabi/lib/armv6-m/libg_s.a(lib_a-init.o)
                              /opt/Freescale/KDS_v3/toolchain/bin/../lib/gcc/arm-none-eabi/4.8.4/../../../../arm-none-eabi/lib/armv6-m/crt0.o (__libc_init_array)
/opt/Freescale/KDS_v3/toolchain/bin/../lib/gcc/arm-none-eabi/4.8.4/../../../../arm-none-eabi/lib/armv6-m/libg_s.a(lib_a-malloc.o)
                              ./PlumaOS/List.o (malloc)
/opt/Freescale/KDS_v3/toolchain/bin/../lib/gcc/arm-none-eabi/4.8.4/../../../../arm-none-eabi/lib/armv6-m/libg_s.a(lib_a-memset.o)
                              /opt/Freescale/KDS_v3/toolchain/bin/../lib/gcc/arm-none-eabi/4.8.4/../../../../arm-none-eabi/lib/armv6-m/crt0.o (memset)
/opt/Freescale/KDS_v3/toolchain/bin/../lib/gcc/arm-none-eabi/4.8.4/../../../../arm-none-eabi/lib/armv6-m/libg_s.a(lib_a-nano-freer.o)
                              /opt/Freescale/KDS_v3/toolchain/bin/../lib/gcc/arm-none-eabi/4.8.4/../../../../arm-none-eabi/lib/armv6-m/libg_s.a(lib_a-malloc.o) (_free_r)
/opt/Freescale/KDS_v3/toolchain/bin/../lib/gcc/arm-none-eabi/4.8.4/../../../../arm-none-eabi/lib/armv6-m/libg_s.a(lib_a-nano-mallocr.o)
                              /opt/Freescale/KDS_v3/toolchain/bin/../lib/gcc/arm-none-eabi/4.8.4/../../../../arm-none-eabi/lib/armv6-m/libg_s.a(lib_a-malloc.o) (_malloc_r)
/opt/Freescale/KDS_v3/toolchain/bin/../lib/gcc/arm-none-eabi/4.8.4/../../../../arm-none-eabi/lib/armv6-m/libg_s.a(lib_a-sbrkr.o)
                              /opt/Freescale/KDS_v3/toolchain/bin/../lib/gcc/arm-none-eabi/4.8.4/../../../../arm-none-eabi/lib/armv6-m/libg_s.a(lib_a-nano-mallocr.o) (_sbrk_r)
/opt/Freescale/KDS_v3/toolchain/bin/../lib/gcc/arm-none-eabi/4.8.4/../../../../arm-none-eabi/lib/armv6-m/libg_s.a(lib_a-reent.o)
                              /opt/Freescale/KDS_v3/toolchain/bin/../lib/gcc/arm-none-eabi/4.8.4/../../../../arm-none-eabi/lib/armv6-m/libg_s.a(lib_a-sbrkr.o) (errno)
/opt/Freescale/KDS_v3/toolchain/bin/../lib/gcc/arm-none-eabi/4.8.4/../../../../arm-none-eabi/lib/armv6-m/libnosys.a(sbrk.o)
                              /opt/Freescale/KDS_v3/toolchain/bin/../lib/gcc/arm-none-eabi/4.8.4/../../../../arm-none-eabi/lib/armv6-m/libg_s.a(lib_a-sbrkr.o) (_sbrk)
/opt/Freescale/KDS_v3/toolchain/bin/../lib/gcc/arm-none-eabi/4.8.4/../../../../arm-none-eabi/lib/armv6-m/libnosys.a(_exit.o)
                              /opt/Freescale/KDS_v3/toolchain/bin/../lib/gcc/arm-none-eabi/4.8.4/../../../../arm-none-eabi/lib/armv6-m/libg_s.a(lib_a-exit.o) (_exit)

Allocating common symbols
Common symbol       size              file

errno               0x4               /opt/Freescale/KDS_v3/toolchain/bin/../lib/gcc/arm-none-eabi/4.8.4/../../../../arm-none-eabi/lib/armv6-m/libg_s.a(lib_a-reent.o)
pit_task_callback   0x4               ./Drivers/pit.o
uart2_task_irq      0x4               ./Drivers/uart.o
Ticks               0x4               ./PlumaOS/Timer.o
kernel_list         0x4               ./PlumaOS/Kernel.o
dma_number_byte     0x4               ./Drivers/dma.o
uart0_task_irq      0x4               ./Drivers/uart.o
uart1_task_irq      0x4               ./Drivers/uart.o

Discarded input sections

 .text          0x00000000        0x0 /opt/Freescale/KDS_v3/toolchain/bin/../lib/gcc/arm-none-eabi/4.8.4/armv6-m/crti.o
 .data          0x00000000        0x0 /opt/Freescale/KDS_v3/toolchain/bin/../lib/gcc/arm-none-eabi/4.8.4/armv6-m/crti.o
 .bss           0x00000000        0x0 /opt/Freescale/KDS_v3/toolchain/bin/../lib/gcc/arm-none-eabi/4.8.4/armv6-m/crti.o
 .data          0x00000000        0x4 /opt/Freescale/KDS_v3/toolchain/bin/../lib/gcc/arm-none-eabi/4.8.4/armv6-m/crtbegin.o
 .data          0x00000000        0x0 /opt/Freescale/KDS_v3/toolchain/bin/../lib/gcc/arm-none-eabi/4.8.4/../../../../arm-none-eabi/lib/armv6-m/crt0.o
[...]
Memory Configuration

Name             Origin             Length             Attributes
m_interrupts     0x00000000         0x00000100         xr
m_flash_config   0x00000400         0x00000010         xr
m_text           0x00000410         0x0001fbf0         xr
m_data           0x1ffff000         0x00004000         rw
*default*        0x00000000         0xffffffff

Linker script and memory map

LOAD /opt/Freescale/KDS_v3/toolchain/bin/../lib/gcc/arm-none-eabi/4.8.4/armv6-m/crti.o
LOAD /opt/Freescale/KDS_v3/toolchain/bin/../lib/gcc/arm-none-eabi/4.8.4/armv6-m/crtbegin.o
LOAD /opt/Freescale/KDS_v3/toolchain/bin/../lib/gcc/arm-none-eabi/4.8.4/../../../../arm-none-eabi/lib/armv6-m/crt0.o
LOAD ./Sources/main.o
LOAD ./Project_Settings/Startup_Code/startup_MKL25Z4.o
LOAD ./Project_Settings/Startup_Code/system_MKL25Z4.o
LOAD ./PlumaOS/Event.o
LOAD ./PlumaOS/Kernel.o
LOAD ./PlumaOS/List.o
LOAD ./PlumaOS/MsgQueue.o
LOAD ./PlumaOS/Mutex.o
LOAD ./PlumaOS/PlumaOS.o
LOAD ./PlumaOS/Semaphore.o
LOAD ./PlumaOS/Timer.o
LOAD ./Drivers/adc.o
LOAD ./Drivers/dac.o
LOAD ./Drivers/dma.o
LOAD ./Drivers/gpio.o
LOAD ./Drivers/i2c.o
LOAD ./Drivers/pit.o
LOAD ./Drivers/pwm.o
LOAD ./Drivers/spi.o
LOAD ./Drivers/uart.o
LOAD ./Drivers/wdog.o
LOAD /opt/Freescale/KDS_v3/toolchain/bin/../lib/gcc/arm-none-eabi/4.8.4/../../../../arm-none-eabi/lib/armv6-m/libstdc++_s.a
LOAD /opt/Freescale/KDS_v3/toolchain/bin/../lib/gcc/arm-none-eabi/4.8.4/../../../../arm-none-eabi/lib/armv6-m/libm.a
START GROUP
LOAD /opt/Freescale/KDS_v3/toolchain/bin/../lib/gcc/arm-none-eabi/4.8.4/armv6-m/libgcc.a
LOAD /opt/Freescale/KDS_v3/toolchain/bin/../lib/gcc/arm-none-eabi/4.8.4/../../../../arm-none-eabi/lib/armv6-m/libg_s.a
LOAD /opt/Freescale/KDS_v3/toolchain/bin/../lib/gcc/arm-none-eabi/4.8.4/../../../../arm-none-eabi/lib/armv6-m/libc_s.a
END GROUP
START GROUP
LOAD /opt/Freescale/KDS_v3/toolchain/bin/../lib/gcc/arm-none-eabi/4.8.4/armv6-m/libgcc.a
LOAD /opt/Freescale/KDS_v3/toolchain/bin/../lib/gcc/arm-none-eabi/4.8.4/../../../../arm-none-eabi/lib/armv6-m/libc_s.a
LOAD /opt/Freescale/KDS_v3/toolchain/bin/../lib/gcc/arm-none-eabi/4.8.4/../../../../arm-none-eabi/lib/armv6-m/libnosys.a
END GROUP
START GROUP
LOAD /opt/Freescale/KDS_v3/toolchain/bin/../lib/gcc/arm-none-eabi/4.8.4/armv6-m/libgcc.a
LOAD /opt/Freescale/KDS_v3/toolchain/bin/../lib/gcc/arm-none-eabi/4.8.4/../../../../arm-none-eabi/lib/armv6-m/libc_s.a
LOAD /opt/Freescale/KDS_v3/toolchain/bin/../lib/gcc/arm-none-eabi/4.8.4/../../../../arm-none-eabi/lib/armv6-m/libnosys.a
END GROUP
LOAD /opt/Freescale/KDS_v3/toolchain/bin/../lib/gcc/arm-none-eabi/4.8.4/armv6-m/crtend.o
LOAD /opt/Freescale/KDS_v3/toolchain/bin/../lib/gcc/arm-none-eabi/4.8.4/armv6-m/crtn.o
                0x00000400                HEAP_SIZE = DEFINED (__heap_size__)?__heap_size__:0x400
                0x00000400                STACK_SIZE = DEFINED (__stack_size__)?__stack_size__:0x400

.interrupts     0x00000000       0xc0
                0x00000000                __VECTOR_TABLE = .
                0x00000000                . = ALIGN (0x4)
 *(.isr_vector)
 .isr_vector    0x00000000       0xc0 ./Project_Settings/Startup_Code/startup_MKL25Z4.o
                0x00000000                __isr_vector
                0x000000c0                . = ALIGN (0x4)

.flash_config   0x00000400       0x10
                0x00000400                . = ALIGN (0x4)
 *(.FlashConfig)
 .FlashConfig   0x00000400       0x10 ./Project_Settings/Startup_Code/startup_MKL25Z4.o
                0x00000410                . = ALIGN (0x4)

.text           0x00000410      0xfe4
                0x00000410                . = ALIGN (0x4)
 *(.text)
 .text          0x00000410       0x60 /opt/Freescale/KDS_v3/toolchain/bin/../lib/gcc/arm-none-eabi/4.8.4/armv6-m/crtbegin.o
 .text          0x00000470       0x78 /opt/Freescale/KDS_v3/toolchain/bin/../lib/gcc/arm-none-eabi/4.8.4/../../../../arm-none-eabi/lib/armv6-m/crt0.o
                0x00000470                _mainCRTStartup
                0x00000470                _start
 .text          0x000004e8       0x34 ./Project_Settings/Startup_Code/startup_MKL25Z4.o
                0x000004e8                Reset_Handler
                0x00000514                I2C0_IRQHandler
                0x00000514                HardFault_Handler
                0x00000514                PendSV_Handler
                0x00000514                NMI_Handler
                0x00000514                I2C1_IRQHandler
                0x00000514                TPM0_IRQHandler
                0x00000514                LLWU_IRQHandler
                0x00000514                TSI0_IRQHandler
                0x00000514                ADC0_IRQHandler
                0x00000514                Reserved39_IRQHandler
                0x00000514                SPI1_IRQHandler
                0x00000514                DefaultISR
                0x00000514                PORTD_IRQHandler
                0x00000514                TPM2_IRQHandler
                0x00000514                RTC_IRQHandler
                0x00000514                RTC_Seconds_IRQHandler
                0x00000514                MCG_IRQHandler
                0x00000514                Reserved20_IRQHandler
                0x00000514                USB0_IRQHandler
                0x00000514                SVC_Handler
                0x00000514                DAC0_IRQHandler
                0x00000514                Reserved45_IRQHandler
                0x00000514                TPM1_IRQHandler
                0x00000514                LVD_LVW_IRQHandler
                0x00000514                SPI0_IRQHandler
                0x00000514                PORTA_IRQHandler
                0x00000514                FTFA_IRQHandler
                0x00000514                LPTMR0_IRQHandler
                0x00000514                CMP0_IRQHandler
 .text          0x0000051c       0x9c /opt/Freescale/KDS_v3/toolchain/bin/../lib/gcc/arm-none-eabi/4.8.4/armv6-m/libgcc.a(_udivsi3.o)
                0x0000051c                __udivsi3
                0x0000051c                __aeabi_uidiv
                0x000005a4                __aeabi_uidivmod
 .text          0x000005b8        0x4 /opt/Freescale/KDS_v3/toolchain/bin/../lib/gcc/arm-none-eabi/4.8.4/armv6-m/libgcc.a(_dvmd_tls.o)
                0x000005b8                __aeabi_ldiv0
                0x000005b8                __aeabi_idiv0
 *(.text*)
 .text.main     0x000005bc       0x48 ./Sources/main.o
                0x000005bc                main
 .text.task_led_red
                0x00000604       0x88 ./Sources/main.o
                0x00000604                task_led_red
 .text.task_led_green
                0x0000068c       0x5c ./Sources/main.o
                0x0000068c                task_led_green
 .text.SystemInit
                0x000006e8       0x18 ./Project_Settings/Startup_Code/system_MKL25Z4.o
                0x000006e8                SystemInit
 .text.SystemCoreClockUpdate
                0x00000700      0x23c ./Project_Settings/Startup_Code/system_MKL25Z4.o
                0x00000700                SystemCoreClockUpdate
 .text.Kernel_TaskIdle
                0x0000093c       0x1c ./PlumaOS/Kernel.o
 .text.Kernel_AddTaskIlde
                0x00000958       0x20 ./PlumaOS/Kernel.o
 .text.Kernel_Init
                0x00000978       0x8c ./PlumaOS/Kernel.o
                0x00000978                Kernel_Init
 .text.Kernel_StartScheduler
                0x00000a04      0x158 ./PlumaOS/Kernel.o
                0x00000a04                Kernel_StartScheduler
 .text.Kernel_TaskAdd
                0x00000b5c       0xc8 ./PlumaOS/Kernel.o
                0x00000b5c                Kernel_TaskAdd
 .text.Kernel_TaskDelay
                0x00000c24       0x7c ./PlumaOS/Kernel.o
                0x00000c24                Kernel_TaskDelay
 .text.List_Init
                0x00000ca0        0xc ./PlumaOS/List.o
                0x00000ca0                List_Init
 .text.List_Insert
                0x00000cac       0x6c ./PlumaOS/List.o
                0x00000cac                List_Insert
 .text.PlumaOS_Init
                0x00000d18       0x10 ./PlumaOS/PlumaOS.o
                0x00000d18                PlumaOS_Init
 .text.SysTick_Handler
                0x00000d28       0x18 ./PlumaOS/Timer.o
                0x00000d28                SysTick_Handler
 .text.Timer_Init
                0x00000d40       0x54 ./PlumaOS/Timer.o
                0x00000d40                Timer_Init
 .text.Timer_Diff
                0x00000d94       0x28 ./PlumaOS/Timer.o
                0x00000d94                Timer_Diff
 .text.Timer_GetTicks
                0x00000dbc       0x14 ./PlumaOS/Timer.o
                0x00000dbc                Timer_GetTicks
 .text.DMA0_IRQHandler
                0x00000dd0       0x48 ./Drivers/dma.o
                0x00000dd0                DMA0_IRQHandler
 .text.DMA1_IRQHandler
                0x00000e18       0x48 ./Drivers/dma.o
                0x00000e18                DMA1_IRQHandler
 .text.DMA2_IRQHandler
                0x00000e60       0x48 ./Drivers/dma.o
                0x00000e60                DMA2_IRQHandler
 .text.DMA3_IRQHandler
                0x00000ea8       0x48 ./Drivers/dma.o
                0x00000ea8                DMA3_IRQHandler
 .text.gpio_Init
                0x00000ef0      0x204 ./Drivers/gpio.o
                0x00000ef0                gpio_Init
 .text.gpio_Set
                0x000010f4       0x50 ./Drivers/gpio.o
                0x000010f4                gpio_Set
 .text.gpio_Toggle
                0x00001144       0x28 ./Drivers/gpio.o
                0x00001144                gpio_Toggle
 .text.PIT_IRQHandler
                0x0000116c       0x74 ./Drivers/pit.o
                0x0000116c                PIT_IRQHandler
 .text.UART0_IRQHandler
                0x000011e0       0x1c ./Drivers/uart.o
                0x000011e0                UART0_IRQHandler
 .text.UART1_IRQHandler
                0x000011fc       0x1c ./Drivers/uart.o
                0x000011fc                UART1_IRQHandler
 .text.UART2_IRQHandler
                0x00001218       0x1c ./Drivers/uart.o
                0x00001218                UART2_IRQHandler
 .text.exit     0x00001234       0x2c /opt/Freescale/KDS_v3/toolchain/bin/../lib/gcc/arm-none-eabi/4.8.4/../../../../arm-none-eabi/lib/armv6-m/libg_s.a(lib_a-exit.o)
                0x00001234                exit
 .text.__libc_init_array
                0x00001260       0x4c /opt/Freescale/KDS_v3/toolchain/bin/../lib/gcc/arm-none-eabi/4.8.4/../../../../arm-none-eabi/lib/armv6-m/libg_s.a(lib_a-init.o)
                0x00001260                __libc_init_array
 .text.malloc   0x000012ac       0x14 /opt/Freescale/KDS_v3/toolchain/bin/../lib/gcc/arm-none-eabi/4.8.4/../../../../arm-none-eabi/lib/armv6-m/libg_s.a(lib_a-malloc.o)
                0x000012ac                malloc
 .text.memset   0x000012c0       0x10 /opt/Freescale/KDS_v3/toolchain/bin/../lib/gcc/arm-none-eabi/4.8.4/../../../../arm-none-eabi/lib/armv6-m/libg_s.a(lib_a-memset.o)
                0x000012c0                memset
 .text._malloc_r
                0x000012d0       0xa8 /opt/Freescale/KDS_v3/toolchain/bin/../lib/gcc/arm-none-eabi/4.8.4/../../../../arm-none-eabi/lib/armv6-m/libg_s.a(lib_a-nano-mallocr.o)
                0x000012d0                _malloc_r
 .text._sbrk_r  0x00001378       0x24 /opt/Freescale/KDS_v3/toolchain/bin/../lib/gcc/arm-none-eabi/4.8.4/../../../../arm-none-eabi/lib/armv6-m/libg_s.a(lib_a-sbrkr.o)
                0x00001378                _sbrk_r
 .text._sbrk    0x0000139c       0x34 /opt/Freescale/KDS_v3/toolchain/bin/../lib/gcc/arm-none-eabi/4.8.4/../../../../arm-none-eabi/lib/armv6-m/libnosys.a(sbrk.o)
                0x0000139c                _sbrk
 .text._exit    0x000013d0        0x4 /opt/Freescale/KDS_v3/toolchain/bin/../lib/gcc/arm-none-eabi/4.8.4/../../../../arm-none-eabi/lib/armv6-m/libnosys.a(_exit.o)
                0x000013d0                _exit
 *(.rodata)
 *(.rodata*)
 .rodata.str1.1
                0x000013d4        0x2 /opt/Freescale/KDS_v3/toolchain/bin/../lib/gcc/arm-none-eabi/4.8.4/../../../../arm-none-eabi/lib/armv6-m/libg_s.a(lib_a-impure.o)
 *fill*         0x000013d6        0x2 
 .rodata._global_impure_ptr
                0x000013d8        0x4 /opt/Freescale/KDS_v3/toolchain/bin/../lib/gcc/arm-none-eabi/4.8.4/../../../../arm-none-eabi/lib/armv6-m/libg_s.a(lib_a-impure.o)
                0x000013d8                _global_impure_ptr
 *(.glue_7)
 .glue_7        0x00000000        0x0 linker stubs
 *(.glue_7t)
 .glue_7t       0x00000000        0x0 linker stubs
 *(.eh_frame)
 .eh_frame      0x000013dc        0x0 /opt/Freescale/KDS_v3/toolchain/bin/../lib/gcc/arm-none-eabi/4.8.4/armv6-m/crtbegin.o
 *(.init)
 .init          0x000013dc        0x4 /opt/Freescale/KDS_v3/toolchain/bin/../lib/gcc/arm-none-eabi/4.8.4/armv6-m/crti.o
                0x000013dc                _init
 .init          0x000013e0        0x8 /opt/Freescale/KDS_v3/toolchain/bin/../lib/gcc/arm-none-eabi/4.8.4/armv6-m/crtn.o
 *(.fini)
 .fini          0x000013e8        0x4 /opt/Freescale/KDS_v3/toolchain/bin/../lib/gcc/arm-none-eabi/4.8.4/armv6-m/crti.o
                0x000013e8                _fini
 .fini          0x000013ec        0x8 /opt/Freescale/KDS_v3/toolchain/bin/../lib/gcc/arm-none-eabi/4.8.4/armv6-m/crtn.o
                0x000013f4                . = ALIGN (0x4)

.vfp11_veneer   0x000013f4        0x0
 .vfp11_veneer  0x00000000        0x0 linker stubs

.v4_bx          0x000013f4        0x0
 .v4_bx         0x00000000        0x0 linker stubs

.iplt           0x000013f4        0x0
 .iplt          0x00000000        0x0 /opt/Freescale/KDS_v3/toolchain/bin/../lib/gcc/arm-none-eabi/4.8.4/armv6-m/crtbegin.o

.ARM.extab
 *(.ARM.extab* .gnu.linkonce.armextab.*)

.ARM            0x000013f4        0x8
                0x000013f4                __exidx_start = .
 *(.ARM.exidx*)
 .ARM.exidx     0x000013f4        0x8 /opt/Freescale/KDS_v3/toolchain/bin/../lib/gcc/arm-none-eabi/4.8.4/../../../../arm-none-eabi/lib/armv6-m/crt0.o
                0x000013fc                __exidx_end = .

.rel.dyn        0x000013fc        0x0
 .rel.iplt      0x00000000        0x0 /opt/Freescale/KDS_v3/toolchain/bin/../lib/gcc/arm-none-eabi/4.8.4/armv6-m/crtbegin.o

.ctors          0x000013fc        0x0
                0x000013fc                __CTOR_LIST__ = .
 *crtbegin.o(.ctors)
 *crtbegin?.o(.ctors)
 *(EXCLUDE_FILE(*crtend.o *crtend?.o) .ctors)
 *(SORT(.ctors.*))
 *(.ctors)
                0x000013fc                __CTOR_END__ = .

.dtors          0x000013fc        0x0
                0x000013fc                __DTOR_LIST__ = .
 *crtbegin.o(.dtors)
 *crtbegin?.o(.dtors)
 *(EXCLUDE_FILE(*crtend.o *crtend?.o) .dtors)
 *(SORT(.dtors.*))
 *(.dtors)
                0x000013fc                __DTOR_END__ = .

.preinit_array  0x000013fc        0x0
                0x000013fc                PROVIDE (__preinit_array_start, .)
 *(.preinit_array*)
                0x000013fc                PROVIDE (__preinit_array_end, .)

.init_array     0x000013fc        0x4
                0x000013fc                PROVIDE (__init_array_start, .)
 *(SORT(.init_array.*))
 *(.init_array*)
 .init_array    0x000013fc        0x4 /opt/Freescale/KDS_v3/toolchain/bin/../lib/gcc/arm-none-eabi/4.8.4/armv6-m/crtbegin.o
                0x00001400                PROVIDE (__init_array_end, .)

.fini_array     0x00001400        0x4
                0x00001400                PROVIDE (__fini_array_start, .)
 *(SORT(.fini_array.*))
 *(.fini_array*)
 .fini_array    0x00001400        0x4 /opt/Freescale/KDS_v3/toolchain/bin/../lib/gcc/arm-none-eabi/4.8.4/armv6-m/crtbegin.o
                0x00001404                PROVIDE (__fini_array_end, .)
                0x00001404                __etext = .
                0x00001404                __DATA_ROM = .

.mtb            0x1ffff000        0x0
                0x1ffff000                . = ALIGN (0x8)
                0x1ffff000                _mtb_start = .
 *(.mtb_buf)
                0x1ffff000                . = ALIGN (0x8)
                0x1ffff000                _mtb_end = .

.data           0x1ffff000       0x70 load address 0x00001404
                0x1ffff000                . = ALIGN (0x4)
                0x1ffff000                __DATA_RAM = .
                0x1ffff000                __data_start__ = .
 *(.data)
 *(.data*)
 .data.SystemCoreClock
                0x1ffff000        0x4 ./Project_Settings/Startup_Code/system_MKL25Z4.o
                0x1ffff000                SystemCoreClock
 .data.idTaskIdle
                0x1ffff004        0x1 ./PlumaOS/Kernel.o
 *fill*         0x1ffff005        0x3 
 .data.impure_data
                0x1ffff008       0x60 /opt/Freescale/KDS_v3/toolchain/bin/../lib/gcc/arm-none-eabi/4.8.4/../../../../arm-none-eabi/lib/armv6-m/libg_s.a(lib_a-impure.o)
 .data._impure_ptr
                0x1ffff068        0x4 /opt/Freescale/KDS_v3/toolchain/bin/../lib/gcc/arm-none-eabi/4.8.4/../../../../arm-none-eabi/lib/armv6-m/libg_s.a(lib_a-impure.o)
                0x1ffff068                _impure_ptr
 *(.jcr*)
 .jcr           0x1ffff06c        0x0 /opt/Freescale/KDS_v3/toolchain/bin/../lib/gcc/arm-none-eabi/4.8.4/armv6-m/crtbegin.o
 .jcr           0x1ffff06c        0x4 /opt/Freescale/KDS_v3/toolchain/bin/../lib/gcc/arm-none-eabi/4.8.4/armv6-m/crtend.o
                0x1ffff070                . = ALIGN (0x4)
                0x1ffff070                __data_end__ = .
                0x00001474                __DATA_END = (__DATA_ROM + (__data_end__ - __data_start__))

.igot.plt       0x1ffff070        0x0 load address 0x00001474
 .igot.plt      0x00000000        0x0 /opt/Freescale/KDS_v3/toolchain/bin/../lib/gcc/arm-none-eabi/4.8.4/armv6-m/crtbegin.o

.bss            0x1ffff070       0x70 load address 0x00001474
                0x1ffff070                . = ALIGN (0x4)
                0x1ffff070                __START_BSS = .
                0x1ffff070                __bss_start__ = .
 *(.bss)
 .bss           0x1ffff070       0x1c /opt/Freescale/KDS_v3/toolchain/bin/../lib/gcc/arm-none-eabi/4.8.4/armv6-m/crtbegin.o
 *(.bss*)
 .bss.IdTaskRed
                0x1ffff08c        0x1 ./Sources/main.o
                0x1ffff08c                IdTaskRed
 .bss.IdTaskGreen
                0x1ffff08d        0x1 ./Sources/main.o
                0x1ffff08d                IdTaskGreen
 .bss.state.5753
                0x1ffff08e        0x1 ./Sources/main.o
 *fill*         0x1ffff08f        0x1 
 .bss.ticks.5754
                0x1ffff090        0x4 ./Sources/main.o
 .bss.state.5763
                0x1ffff094        0x1 ./Sources/main.o
 *fill*         0x1ffff095        0x3 
 .bss.idleTask  0x1ffff098        0x4 ./PlumaOS/Kernel.o
 .bss.idTask    0x1ffff09c        0x1 ./PlumaOS/Kernel.o
 *fill*         0x1ffff09d        0x3 
 .bss.init_no.5154
                0x1ffff0a0        0x4 ./PlumaOS/List.o
 .bss.dma0_task_callback
                0x1ffff0a4        0x4 ./Drivers/dma.o
 .bss.dma1_task_callback
                0x1ffff0a8        0x4 ./Drivers/dma.o
 .bss.dma2_task_callback
                0x1ffff0ac        0x4 ./Drivers/dma.o
 .bss.dma3_task_callback
                0x1ffff0b0        0x4 ./Drivers/dma.o
 .bss.__malloc_sbrk_start
                0x1ffff0b4        0x4 /opt/Freescale/KDS_v3/toolchain/bin/../lib/gcc/arm-none-eabi/4.8.4/../../../../arm-none-eabi/lib/armv6-m/libg_s.a(lib_a-nano-mallocr.o)
                0x1ffff0b4                __malloc_sbrk_start
 .bss.__malloc_free_list
                0x1ffff0b8        0x4 /opt/Freescale/KDS_v3/toolchain/bin/../lib/gcc/arm-none-eabi/4.8.4/../../../../arm-none-eabi/lib/armv6-m/libg_s.a(lib_a-nano-mallocr.o)
                0x1ffff0b8                __malloc_free_list
 .bss.heap_end.4246
                0x1ffff0bc        0x4 /opt/Freescale/KDS_v3/toolchain/bin/../lib/gcc/arm-none-eabi/4.8.4/../../../../arm-none-eabi/lib/armv6-m/libnosys.a(sbrk.o)
 *(COMMON)
 COMMON         0x1ffff0c0        0x4 ./PlumaOS/Kernel.o
                0x1ffff0c0                kernel_list
 COMMON         0x1ffff0c4        0x4 ./PlumaOS/Timer.o
                0x1ffff0c4                Ticks
 COMMON         0x1ffff0c8        0x4 ./Drivers/dma.o
                0x1ffff0c8                dma_number_byte
 COMMON         0x1ffff0cc        0x4 ./Drivers/pit.o
                0x1ffff0cc                pit_task_callback
 COMMON         0x1ffff0d0        0xc ./Drivers/uart.o
                0x1ffff0d0                uart2_task_irq
                0x1ffff0d4                uart0_task_irq
                0x1ffff0d8                uart1_task_irq
 COMMON         0x1ffff0dc        0x4 /opt/Freescale/KDS_v3/toolchain/bin/../lib/gcc/arm-none-eabi/4.8.4/../../../../arm-none-eabi/lib/armv6-m/libg_s.a(lib_a-reent.o)
                0x1ffff0dc                errno
                0x1ffff0e0                . = ALIGN (0x4)
                0x1ffff0e0                __bss_end__ = .
                0x1ffff0e0                __END_BSS = .

.heap           0x1ffff0e0      0x400 load address 0x000014e4
                0x1ffff0e0                . = ALIGN (0x8)
                0x1ffff0e0                __end__ = .
                0x1ffff0e0                PROVIDE (end, .)
                0x1ffff0e0                __HeapBase = .
                0x1ffff4e0                . = (. + HEAP_SIZE)
 *fill*         0x1ffff0e0      0x400 
                0x1ffff4e0                __HeapLimit = .

.stack          0x1ffff4e0      0x400 load address 0x000018e4
                0x1ffff4e0                . = ALIGN (0x8)
                0x1ffff8e0                . = (. + STACK_SIZE)
 *fill*         0x1ffff4e0      0x400 
                0x20003000                __StackTop = (ORIGIN (m_data) + 0x4000)
                0x20002c00                __StackLimit = (__StackTop - STACK_SIZE)
                0x20003000                PROVIDE (__stack, __StackTop)

.ARM.attributes
                0x00000000       0x28
 *(.ARM.attributes)
 .ARM.attributes
                0x00000000       0x1e /opt/Freescale/KDS_v3/toolchain/bin/../lib/gcc/arm-none-eabi/4.8.4/armv6-m/crti.o
 .ARM.attributes
                0x0000001e       0x2c /opt/Freescale/KDS_v3/toolchain/bin/../lib/gcc/arm-none-eabi/4.8.4/armv6-m/crtbegin.o
 .ARM.attributes
                0x0000004a       0x1b /opt/Freescale/KDS_v3/toolchain/bin/../lib/gcc/arm-none-eabi/4.8.4/../../../../arm-none-eabi/lib/armv6-m/crt0.o
 .ARM.attributes
                0x00000065       0x32 ./Sources/main.o
 .ARM.attributes
                0x00000097       0x1b ./Project_Settings/Startup_Code/startup_MKL25Z4.o
 .ARM.attributes
                0x000000b2       0x32 ./Project_Settings/Startup_Code/system_MKL25Z4.o
 .ARM.attributes
                0x000000e4       0x32 ./PlumaOS/Kernel.o
 .ARM.attributes
                0x00000116       0x32 ./PlumaOS/List.o
 .ARM.attributes
                0x00000148       0x32 ./PlumaOS/PlumaOS.o
 .ARM.attributes
                0x0000017a       0x32 ./PlumaOS/Timer.o
 .ARM.attributes
                0x000001ac       0x32 ./Drivers/dma.o
 .ARM.attributes
                0x000001de       0x32 ./Drivers/gpio.o
 .ARM.attributes
                0x00000210       0x32 ./Drivers/pit.o
 .ARM.attributes
                0x00000242       0x32 ./Drivers/uart.o
 .ARM.attributes
                0x00000274       0x1e /opt/Freescale/KDS_v3/toolchain/bin/../lib/gcc/arm-none-eabi/4.8.4/armv6-m/libgcc.a(_udivsi3.o)
 .ARM.attributes
                0x00000292       0x1e /opt/Freescale/KDS_v3/toolchain/bin/../lib/gcc/arm-none-eabi/4.8.4/armv6-m/libgcc.a(_dvmd_tls.o)
 .ARM.attributes
                0x000002b0       0x2c /opt/Freescale/KDS_v3/toolchain/bin/../lib/gcc/arm-none-eabi/4.8.4/../../../../arm-none-eabi/lib/armv6-m/libg_s.a(lib_a-exit.o)
 .ARM.attributes
                0x000002dc       0x2c /opt/Freescale/KDS_v3/toolchain/bin/../lib/gcc/arm-none-eabi/4.8.4/../../../../arm-none-eabi/lib/armv6-m/libg_s.a(lib_a-impure.o)
 .ARM.attributes
                0x00000308       0x2c /opt/Freescale/KDS_v3/toolchain/bin/../lib/gcc/arm-none-eabi/4.8.4/../../../../arm-none-eabi/lib/armv6-m/libg_s.a(lib_a-init.o)
 .ARM.attributes
                0x00000334       0x2c /opt/Freescale/KDS_v3/toolchain/bin/../lib/gcc/arm-none-eabi/4.8.4/../../../../arm-none-eabi/lib/armv6-m/libg_s.a(lib_a-malloc.o)
 .ARM.attributes
                0x00000360       0x2c /opt/Freescale/KDS_v3/toolchain/bin/../lib/gcc/arm-none-eabi/4.8.4/../../../../arm-none-eabi/lib/armv6-m/libg_s.a(lib_a-memset.o)
 .ARM.attributes
                0x0000038c       0x2c /opt/Freescale/KDS_v3/toolchain/bin/../lib/gcc/arm-none-eabi/4.8.4/../../../../arm-none-eabi/lib/armv6-m/libg_s.a(lib_a-nano-mallocr.o)
 .ARM.attributes
                0x000003b8       0x2c /opt/Freescale/KDS_v3/toolchain/bin/../lib/gcc/arm-none-eabi/4.8.4/../../../../arm-none-eabi/lib/armv6-m/libg_s.a(lib_a-sbrkr.o)
 .ARM.attributes
                0x000003e4       0x2c /opt/Freescale/KDS_v3/toolchain/bin/../lib/gcc/arm-none-eabi/4.8.4/../../../../arm-none-eabi/lib/armv6-m/libg_s.a(lib_a-reent.o)
 .ARM.attributes
                0x00000410       0x2c /opt/Freescale/KDS_v3/toolchain/bin/../lib/gcc/arm-none-eabi/4.8.4/../../../../arm-none-eabi/lib/armv6-m/libnosys.a(sbrk.o)
 .ARM.attributes
                0x0000043c       0x2c /opt/Freescale/KDS_v3/toolchain/bin/../lib/gcc/arm-none-eabi/4.8.4/../../../../arm-none-eabi/lib/armv6-m/libnosys.a(_exit.o)
 .ARM.attributes
                0x00000468       0x2c /opt/Freescale/KDS_v3/toolchain/bin/../lib/gcc/arm-none-eabi/4.8.4/armv6-m/crtend.o
 .ARM.attributes
                0x00000494       0x1e /opt/Freescale/KDS_v3/toolchain/bin/../lib/gcc/arm-none-eabi/4.8.4/armv6-m/crtn.o
                0x00000001                ASSERT ((__StackLimit >= __HeapLimit), region m_data overflowed with stack and heap)
OUTPUT(PlumaOS.elf elf32-littlearm)

.debug_info     0x00000000     0x2b00
 .debug_info    0x00000000      0x1ea ./Sources/main.o
 .debug_info    0x000001ea       0x8b ./Project_Settings/Startup_Code/startup_MKL25Z4.o
 .debug_info    0x00000275      0x3ed ./Project_Settings/Startup_Code/system_MKL25Z4.o
 .debug_info    0x00000662      0x3be ./PlumaOS/Kernel.o
 .debug_info    0x00000a20      0x34a ./PlumaOS/List.o
 .debug_info    0x00000d6a       0x8f ./PlumaOS/PlumaOS.o
 .debug_info    0x00000df9      0x1b2 ./PlumaOS/Timer.o
 .debug_info    0x00000fab      0x7f8 ./Drivers/dma.o
 .debug_info    0x000017a3      0x485 ./Drivers/gpio.o
 .debug_info    0x00001c28      0x67c ./Drivers/pit.o
 .debug_info    0x000022a4      0x85c ./Drivers/uart.o

.debug_abbrev   0x00000000      0xcdf
 .debug_abbrev  0x00000000       0xdb ./Sources/main.o
 .debug_abbrev  0x000000db       0x14 ./Project_Settings/Startup_Code/startup_MKL25Z4.o
 .debug_abbrev  0x000000ef      0x109 ./Project_Settings/Startup_Code/system_MKL25Z4.o
 .debug_abbrev  0x000001f8      0x179 ./PlumaOS/Kernel.o
 .debug_abbrev  0x00000371      0x13a ./PlumaOS/List.o
 .debug_abbrev  0x000004ab       0x45 ./PlumaOS/PlumaOS.o
 .debug_abbrev  0x000004f0      0x140 ./PlumaOS/Timer.o
 .debug_abbrev  0x00000630      0x1cf ./Drivers/dma.o
 .debug_abbrev  0x000007ff      0x14c ./Drivers/gpio.o
 .debug_abbrev  0x0000094b      0x1ac ./Drivers/pit.o
 .debug_abbrev  0x00000af7      0x1e8 ./Drivers/uart.o

.debug_aranges  0x00000000      0x2c8
 .debug_aranges
                0x00000000       0x30 ./Sources/main.o
 .debug_aranges
                0x00000030       0x20 ./Project_Settings/Startup_Code/startup_MKL25Z4.o
 .debug_aranges
                0x00000050       0x28 ./Project_Settings/Startup_Code/system_MKL25Z4.o
 .debug_aranges
                0x00000078       0x60 ./PlumaOS/Kernel.o
 .debug_aranges
                0x000000d8       0x40 ./PlumaOS/List.o
 .debug_aranges
                0x00000118       0x20 ./PlumaOS/PlumaOS.o
 .debug_aranges
                0x00000138       0x40 ./PlumaOS/Timer.o
 .debug_aranges
                0x00000178       0x68 ./Drivers/dma.o
 .debug_aranges
                0x000001e0       0x38 ./Drivers/gpio.o
 .debug_aranges
                0x00000218       0x48 ./Drivers/pit.o
 .debug_aranges
                0x00000260       0x68 ./Drivers/uart.o

.debug_ranges   0x00000000      0x208
 .debug_ranges  0x00000000       0x20 ./Sources/main.o
 .debug_ranges  0x00000020       0x18 ./Project_Settings/Startup_Code/system_MKL25Z4.o
 .debug_ranges  0x00000038       0x50 ./PlumaOS/Kernel.o
 .debug_ranges  0x00000088       0x30 ./PlumaOS/List.o
 .debug_ranges  0x000000b8       0x10 ./PlumaOS/PlumaOS.o
 .debug_ranges  0x000000c8       0x30 ./PlumaOS/Timer.o
 .debug_ranges  0x000000f8       0x58 ./Drivers/dma.o
 .debug_ranges  0x00000150       0x28 ./Drivers/gpio.o
 .debug_ranges  0x00000178       0x38 ./Drivers/pit.o
 .debug_ranges  0x000001b0       0x58 ./Drivers/uart.o

.debug_macro    0x00000000     0xb512
 .debug_macro   0x00000000      0x270 ./Sources/main.o
 .debug_macro   0x00000270      0x802 ./Sources/main.o
 .debug_macro   0x00000a72       0x16 ./Sources/main.o
 .debug_macro   0x00000a88       0x16 ./Sources/main.o
 .debug_macro   0x00000a9e       0x44 ./Sources/main.o
 .debug_macro   0x00000ae2      0x209 ./Sources/main.o
 .debug_macro   0x00000ceb       0x3a ./Sources/main.o
 .debug_macro   0x00000d25       0x3a ./Sources/main.o
 .debug_macro   0x00000d5f       0x26 ./Sources/main.o
 .debug_macro   0x00000d85      0x306 ./Sources/main.o
 .debug_macro   0x0000108b       0x63 ./Sources/main.o
 .debug_macro   0x000010ee     0x839f ./Sources/main.o
 .debug_macro   0x0000948d       0x22 ./Sources/main.o
 .debug_macro   0x000094af       0x58 ./Sources/main.o
 .debug_macro   0x00009507       0x35 ./Sources/main.o
 .debug_macro   0x0000953c       0xa3 ./Sources/main.o
 .debug_macro   0x000095df      0x166 ./Sources/main.o
 .debug_macro   0x00009745       0x52 ./Sources/main.o
 .debug_macro   0x00009797       0x16 ./Sources/main.o
 .debug_macro   0x000097ad       0x43 ./Sources/main.o
 .debug_macro   0x000097f0      0x180 ./Sources/main.o
 .debug_macro   0x00009970      0x2a6 ./Sources/main.o
 .debug_macro   0x00009c16       0x10 ./Sources/main.o
 .debug_macro   0x00009c26       0x35 ./Sources/main.o
 .debug_macro   0x00009c5b       0x3a ./Sources/main.o
 .debug_macro   0x00009c95       0xac ./Sources/main.o
 .debug_macro   0x00009d41       0x1c ./Sources/main.o
 .debug_macro   0x00009d5d       0x10 ./Sources/main.o
 .debug_macro   0x00009d6d       0x10 ./Sources/main.o
 .debug_macro   0x00009d7d       0x22 ./Sources/main.o
 .debug_macro   0x00009d9f       0xbd ./Sources/main.o
 .debug_macro   0x00009e5c       0x16 ./Sources/main.o
 .debug_macro   0x00009e72      0x14a ./Sources/main.o
 .debug_macro   0x00009fbc       0x3a ./Sources/main.o
 .debug_macro   0x00009ff6       0x2e ./Sources/main.o
 .debug_macro   0x0000a024       0x9a ./Sources/main.o
 .debug_macro   0x0000a0be       0x88 ./Sources/main.o
 .debug_macro   0x0000a146       0x16 ./Sources/main.o
 .debug_macro   0x0000a15c       0x3a ./Sources/main.o
 .debug_macro   0x0000a196       0x6a ./Sources/main.o
 .debug_macro   0x0000a200       0x28 ./Sources/main.o
 .debug_macro   0x0000a228       0x7e ./Project_Settings/Startup_Code/system_MKL25Z4.o
 .debug_macro   0x0000a2a6       0x4c ./Project_Settings/Startup_Code/system_MKL25Z4.o
 .debug_macro   0x0000a2f2      0x15c ./PlumaOS/Kernel.o
 .debug_macro   0x0000a44e      0x167 ./PlumaOS/List.o
 .debug_macro   0x0000a5b5       0x16 ./PlumaOS/List.o
 .debug_macro   0x0000a5cb      0x10e ./PlumaOS/List.o
 .debug_macro   0x0000a6d9       0x7f ./PlumaOS/List.o
 .debug_macro   0x0000a758       0x4a ./PlumaOS/List.o
 .debug_macro   0x0000a7a2       0x22 ./PlumaOS/List.o
 .debug_macro   0x0000a7c4      0x20f ./PlumaOS/List.o
 .debug_macro   0x0000a9d3      0x189 ./PlumaOS/PlumaOS.o
 .debug_macro   0x0000ab5c      0x154 ./PlumaOS/Timer.o
 .debug_macro   0x0000acb0      0x15a ./Drivers/dma.o
 .debug_macro   0x0000ae0a      0x16c ./Drivers/dma.o
 .debug_macro   0x0000af76      0x1cc ./Drivers/gpio.o
 .debug_macro   0x0000b142      0x1cc ./Drivers/pit.o
 .debug_macro   0x0000b30e       0x28 ./Drivers/pit.o
 .debug_macro   0x0000b336      0x1cc ./Drivers/uart.o
 .debug_macro   0x0000b502       0x10 ./Drivers/uart.o

.debug_line     0x00000000     0x25b7
 .debug_line    0x00000000      0x4cb ./Sources/main.o
 .debug_line    0x000004cb       0x7b ./Project_Settings/Startup_Code/startup_MKL25Z4.o
 .debug_line    0x00000546      0x248 ./Project_Settings/Startup_Code/system_MKL25Z4.o
 .debug_line    0x0000078e      0x428 ./PlumaOS/Kernel.o
 .debug_line    0x00000bb6      0x378 ./PlumaOS/List.o
 .debug_line    0x00000f2e      0x325 ./PlumaOS/PlumaOS.o
 .debug_line    0x00001253      0x32d ./PlumaOS/Timer.o
 .debug_line    0x00001580      0x369 ./Drivers/dma.o
 .debug_line    0x000018e9      0x3f1 ./Drivers/gpio.o
 .debug_line    0x00001cda      0x41b ./Drivers/pit.o
 .debug_line    0x000020f5      0x4c2 ./Drivers/uart.o

.debug_str      0x00000000    0x368cd
 .debug_str     0x00000000    0x3589e ./Sources/main.o
                              0x35d2e (size before relaxing)
 .debug_str     0x0003589e      0x16d ./Project_Settings/Startup_Code/system_MKL25Z4.o
                              0x31f09 (size before relaxing)
 .debug_str     0x00035a0b      0x1be ./PlumaOS/Kernel.o
                              0x3466c (size before relaxing)
 .debug_str     0x00035bc9      0x104 ./PlumaOS/List.o
                              0x34661 (size before relaxing)
 .debug_str     0x00035ccd       0x22 ./PlumaOS/PlumaOS.o
                              0x34c2c (size before relaxing)
 .debug_str     0x00035cef       0xbc ./PlumaOS/Timer.o
                              0x344cd (size before relaxing)
 .debug_str     0x00035dab      0x918 ./Drivers/dma.o
                              0x34763 (size before relaxing)
 .debug_str     0x000366c3       0x83 ./Drivers/gpio.o
                              0x344de (size before relaxing)
 .debug_str     0x00036746       0x96 ./Drivers/pit.o
                              0x34701 (size before relaxing)
 .debug_str     0x000367dc       0xf1 ./Drivers/uart.o
                              0x3479a (size before relaxing)

.comment        0x00000000       0x70
 .comment       0x00000000       0x70 ./Sources/main.o
                                 0x71 (size before relaxing)
 .comment       0x00000000       0x71 ./Project_Settings/Startup_Code/system_MKL25Z4.o
 .comment       0x00000000       0x71 ./PlumaOS/Kernel.o
 .comment       0x00000000       0x71 ./PlumaOS/List.o
 .comment       0x00000000       0x71 ./PlumaOS/PlumaOS.o
 .comment       0x00000000       0x71 ./PlumaOS/Timer.o
 .comment       0x00000000       0x71 ./Drivers/dma.o
 .comment       0x00000000       0x71 ./Drivers/gpio.o
 .comment       0x00000000       0x71 ./Drivers/pit.o
 .comment       0x00000000       0x71 ./Drivers/uart.o

.debug_frame    0x00000000      0x904
 .debug_frame   0x00000000       0x64 ./Sources/main.o
 .debug_frame   0x00000064       0x4c ./Project_Settings/Startup_Code/system_MKL25Z4.o
 .debug_frame   0x000000b0      0x134 ./PlumaOS/Kernel.o
 .debug_frame   0x000001e4       0xb0 ./PlumaOS/List.o
 .debug_frame   0x00000294       0x2c ./PlumaOS/PlumaOS.o
 .debug_frame   0x000002c0       0xa8 ./PlumaOS/Timer.o
 .debug_frame   0x00000368      0x144 ./Drivers/dma.o
 .debug_frame   0x000004ac       0x90 ./Drivers/gpio.o
 .debug_frame   0x0000053c       0xd0 ./Drivers/pit.o
 .debug_frame   0x0000060c      0x144 ./Drivers/uart.o
 .debug_frame   0x00000750       0x20 /opt/Freescale/KDS_v3/toolchain/bin/../lib/gcc/arm-none-eabi/4.8.4/armv6-m/libgcc.a(_udivsi3.o)
 .debug_frame   0x00000770       0x28 /opt/Freescale/KDS_v3/toolchain/bin/../lib/gcc/arm-none-eabi/4.8.4/../../../../arm-none-eabi/lib/armv6-m/libg_s.a(lib_a-exit.o)
 .debug_frame   0x00000798       0x2c /opt/Freescale/KDS_v3/toolchain/bin/../lib/gcc/arm-none-eabi/4.8.4/../../../../arm-none-eabi/lib/armv6-m/libg_s.a(lib_a-init.o)
 .debug_frame   0x000007c4       0x40 /opt/Freescale/KDS_v3/toolchain/bin/../lib/gcc/arm-none-eabi/4.8.4/../../../../arm-none-eabi/lib/armv6-m/libg_s.a(lib_a-malloc.o)
 .debug_frame   0x00000804       0x20 /opt/Freescale/KDS_v3/toolchain/bin/../lib/gcc/arm-none-eabi/4.8.4/../../../../arm-none-eabi/lib/armv6-m/libg_s.a(lib_a-memset.o)
 .debug_frame   0x00000824       0x2c /opt/Freescale/KDS_v3/toolchain/bin/../lib/gcc/arm-none-eabi/4.8.4/../../../../arm-none-eabi/lib/armv6-m/libg_s.a(lib_a-nano-mallocr.o)
 .debug_frame   0x00000850       0x2c /opt/Freescale/KDS_v3/toolchain/bin/../lib/gcc/arm-none-eabi/4.8.4/../../../../arm-none-eabi/lib/armv6-m/libg_s.a(lib_a-sbrkr.o)
 .debug_frame   0x0000087c       0x48 /opt/Freescale/KDS_v3/toolchain/bin/../lib/gcc/arm-none-eabi/4.8.4/../../../../arm-none-eabi/lib/armv6-m/libg_s.a(lib_a-reent.o)
 .debug_frame   0x000008c4       0x20 /opt/Freescale/KDS_v3/toolchain/bin/../lib/gcc/arm-none-eabi/4.8.4/../../../../arm-none-eabi/lib/armv6-m/libnosys.a(sbrk.o)
 .debug_frame   0x000008e4       0x20 /opt/Freescale/KDS_v3/toolchain/bin/../lib/gcc/arm-none-eabi/4.8.4/../../../../arm-none-eabi/lib/armv6-m/libnosys.a(_exit.o)
